# Opensearch

opensearch
opensearch-alerting-plugin
opensearch-analysis-icu-plugin
opensearch-anomaly-detection-plugin
opensearch-asynchronous-search-plugin
opensearch-cli
opensearch-cross-cluster-replication-plugin
opensearch-dashboards
opensearch-dashboards-alerting-plugin
opensearch-dashboards-anomaly-detection-plugin
opensearch-dashboards-gantt-chart-plugin
opensearch-dashboards-index-management-plugin
opensearch-dashboards-maps-plugin
opensearch-dashboards-notifications-plugin
opensearch-dashboards-observability-plugin
opensearch-dashboards-query-workbench-plugin
opensearch-dashboards-reports-plugin
opensearch-dashboards-security-plugin
opensearch-discovery-azure-classic-plugin
opensearch-discovery-ec2-plugin
opensearch-discovery-gce-plugin
opensearch-geospatial-plugin
opensearch-index-management-plugin
opensearch-ingest-attachment-plugin
opensearch-job-scheduler-plugin
opensearch-mapper-annotated-text-plugin
opensearch-mapper-murmur3-plugin
opensearch-mapper-size-plugin
opensearch-ml-commons-plugin
opensearch-neural-search-plugin
opensearch-notifications-plugin
opensearch-observability-plugin
opensearch-performance-analyzer-plugin
opensearch-reports-scheduler-plugin
opensearch-repository-azure-plugin
opensearch-repository-gcs-plugin
opensearch-repository-hdfs-plugin
opensearch-repository-s3-plugin
opensearch-security-plugin
opensearch-sql-plugin
opensearch-store-smb-plugin
opensearch-transport-nio-plugin

# Elasticsearch
#elasticsearch
#elasticsearch-xpack
#kibana
#kibana-xpack
#logstash
#logstash-xpack
#filebeat
#heartbeat-elastic
#journalbeat
#metricbeat
#packetbeat
curator
#dovecot-fts-elastic
#python-elasticsearch
#python-elasticsearch-curator
#cerebro-elasticsearch
fluent-bit
graylog
sentinl
# conflicts with metricbeat
#topbeat-bin
# conflicts with libsonic
#sonic
#elasticdump

# Prometheus
grafana
loki
logcli
promtail
prometheus
prometheus-blackbox-exporter
#prometheus-memcached-exporter
#prometheus-mysqld-exporter
prometheus-node-exporter
prometheus-bird-exporter
prometheus-systemd-exporter
prometheus-process-exporter
prometheus-snmp-exporter

# Zabbix
zabbix-agent
zabbix-agent2
zabbix-proxy
zabbix-server
grafana-zabbix

# database tools
dbeaver
dbeaver-plugin-sshj
dbeaver-plugin-office
dbeaver-plugin-svg-format
dbf

# postman
postman-bin
grpcui-bin

# some csv tools
csv2xls
libcsv
perl-text-csv
perl-text-csv-xs
perl-xls2csv
perl-berkeleydb
