# packages for a more complete desktop
#

# Window Managers
#
# We only include a few of the smaller window managers on
# the live image and the rest are here.
#

2bwm
#Depends On     : xcb-util-wm  xcb-util-keysyms
#Download Size  :  20.34 KiB
#Installed Size :  85.00 KiB

adwm
#Depends On     : libxft  libxrandr  libxinerama  libxpm  startup-notification  imlib2
#Download Size  : 132.32 KiB
#Installed Size : 480.00 KiB

aewm
#Depends On     : gtk2
#Download Size  :  27.56 KiB
#Installed Size : 128.00 KiB

aewm++
#Depends On     : libxext  gcc-libs
#Download Size  :  21.71 KiB
#Installed Size :  67.00 KiB

afterstep
#Depends On     : gtk2>=2.18.6  libpng  libtiff  readline  freetype2  dbus-core  librsvg
#Download Size  : 5823.05 KiB
#Installed Size : 29000.00 KiB

awesome
#Depends On     : cairo  dbus  gdk-pixbuf2  imlib2  libxdg-basedir  lua  lua-lgi  pango  startup-notification  xcb-util-cursor  xcb-util-keysyms  xcb-util-wm  xorg-xmessage
#Download Size  : 731.89 KiB
#Installed Size : 1636.00 KiB
vicious
#Depends On     : lua
#Download Size  :  41.94 KiB
#Installed Size : 195.00 KiB
dex
#Depends On     : python
#Download Size  :   8.02 KiB
#Installed Size :  25.00 KiB

blackboxwm
#Depends On     : gcc-libs  libxft  libxext
#Download Size  : 254.54 KiB
#Installed Size : 1095.00 KiB
bbkeys
#Depends On     : libxext  libxft
#Download Size  : 117.92 KiB
#Installed Size : 379.00 KiB
bbrun
#Depends On     : gtk2  libxpm
#Download Size  :  10.44 KiB
#Installed Size :  36.00 KiB
bbpager
#Depends On     : gcc-libs  libxft  libxext
#Download Size  :  86.07 KiB
#Installed Size : 240.00 KiB

bspwm
#Depends On     : libxcb  xcb-util  xcb-util-wm
#Download Size  :  44.74 KiB
#Installed Size : 150.00 KiB
sxhkd
#Depends On     : libxcb  xcb-util-keysyms
#Download Size  :  23.04 KiB
#Installed Size :  98.00 KiB
xtitle-git
#Depends On     : libxcb  xcb-util-wm
#Download Size  :   5.27 KiB
#Installed Size :  35.00 KiB
sutils-git
#Depends On     : None
#Download Size  :   7.48 KiB
#Installed Size :  58.00 KiB
bar-aint-recursive
#Depends On     : libxcb
#Download Size  :  13.24 KiB
#Installed Size :  55.00 KiB
dzen2-xft-xpm-xinerama-svn
#Depends On     : libxpm  libxinerama  libxft  libxss
#Download Size  :   0.79 KiB
#Installed Size :   4.00 KiB
txtw-git
#Depends On     : cairo
#Download Size  :   5.36 KiB
#Installed Size :  44.00 KiB
sres-git
#Depends On     : libxcb
#Download Size  :   3.95 KiB
#Installed Size :  31.00 KiB
xwinfo-git
#Depends On     : libxcb  xcb-util-wm
#Download Size  :   6.31 KiB
#Installed Size :  44.00 KiB

ctwm
#Depends On     : libxmu  libxpm  libjpeg  rplay
#Download Size  : 406.46 KiB
#Installed Size : 1620.00 KiB

cwm
#Depends On     : libxft  libxrandr  libxinerama
#Download Size  :  36.71 KiB
#Installed Size : 118.00 KiB

dwm-git
#Depends On     : libx11  libxinerama
#Download Size  :  20.12 KiB
#Installed Size :  85.00 KiB

eggwm
#Depends On     : qt4
#Download Size  :  46.00 KiB
#Installed Size : 177.00 KiB

heliwm
#Download Size  :  19.77 KiB
#Installed Size :  64.00 KiB

echinus-git
#Depends On     : libxft  libxrandr
#Download Size  :  31.04 KiB
#Installed Size : 133.00 KiB
ourico
#Depends On     : libxft
#Download Size  :  11.06 KiB
#Installed Size :  69.00 KiB

etwm
#Depends On     : libxinerama  libxrandr  libxmu  libxpm  libjpeg
#Download Size  : 459.70 KiB
#Installed Size : 1776.00 KiB

evilwm
#Depends On     : libxrandr
#Download Size  :  19.25 KiB
#Installed Size :  75.00 KiB

failsafewm
#Depends On     : libx11
#Download Size  :   4.60 KiB
#Installed Size :  32.00 KiB

fluxbox
#Depends On     : libxft  libxpm  libxinerama  libxrandr  gcc-libs  imlib2  fribidi
#Download Size  : 669.88 KiB
#Installed Size : 3792.00 KiB
fbautostart
#Depends On     : gcc-libs
#Download Size  :  18.15 KiB
#Installed Size :  84.00 KiB
fbctrl
#Depends On     : libx11
#Download Size  :   6.59 KiB
#Installed Size :  39.00 KiB
fbdesk
#Depends On     : libxft  imlib2  libxpm
#Download Size  :  94.05 KiB
#Installed Size : 275.00 KiB
fbmenugen
#Depends On     : perl>=5.14.0  fluxbox  perl-data-dump  perl-linux-desktopfiles>=0.08
#Download Size  :   6.03 KiB
#Installed Size :  29.00 KiB
fbpager-git
#Depends On     : gcc-libs  libxrender
#Download Size  :  44.34 KiB
#Installed Size : 153.00 KiB
ftmenu
#Depends On     : fluxbox  gtk2
#Download Size  :   6.02 KiB
#Installed Size :  28.00 KiB
vim-fluxkeys
#Depends On     : vim
#Download Size  :   2.29 KiB
#Installed Size :  32.00 KiB
fbmix
#Depends On     : alsa-lib  vte
#Download Size  :   8.67 KiB
#Installed Size :  51.00 KiB
fbrowse-tray
#Depends On     : perl>=5.16.0  gtk2-perl  perl-file-mimeinfo
#Download Size  :   3.59 KiB
#Installed Size :  21.00 KiB

flwm-git
#Depends On     : fltk
#Download Size  :  39.71 KiB
#Installed Size : 107.00 KiB

fvwm
#Depends On     : imlib  fribidi  perl  libstroke  libxpm  librsvg  libxinerama  libxcursor
#Download Size  : 1371.95 KiB
#Installed Size : 6760.00 KiB
fvwm-crystal
fvwm-icons
fvwm-themes
fvwm-themes-extra

herbstluftwm-git
#Depends On     : glib2>=2.24  libx11  libxinerama
#Download Size  : 141.21 KiB
#Installed Size : 513.00 KiB

i3-wm
#Depends On     : xcb-util-cursor  xcb-util-keysyms  xcb-util-wm  libev  yajl  startup-notification  pango
#Download Size  : 205.57 KiB
#Installed Size : 651.00 KiB
i3lock
#Depends On     : xcb-util-image  libev  cairo  libxkbcommon  libxkbfile  xorg-xkbcomp
#Download Size  :  13.11 KiB
#Installed Size :  30.00 KiB
i3status
#Depends On     : wireless_tools  confuse  alsa-lib  yajl
#Download Size  :  27.67 KiB
#Installed Size :  60.00 KiB


ion3
#Depends On     : lua51  libx11  libxext  libsm  libice  libxcb  libxau  libxdmcp
#Download Size  : 497.15 KiB
#Installed Size : 2209.00 KiB


icewm2
#Depends On     : libxft  libxinerama  gdk-pixbuf2  libxrandr  libsndfile  libsm
#Download Size  : 587.73 KiB
#Installed Size : 2971.00 KiB
icewm-themes
#Depends On     : icewm
#Download Size  : 2835.12 KiB
#Installed Size : 8515.00 KiB
icewm-utils

notion
trayion

jwm-git
#Depends On     : fribidi  librsvg  libxinerama  libxmu  libxext  libpng  libx11  libxft  libjpeg>=7  libxpm
#Download Size  :  91.95 KiB
#Installed Size : 332.00 KiB
jwmtools-git
#Depends On     : mdsplib  libglade  libxss
#Download Size  :  57.78 KiB
#Installed Size : 275.00 KiB

larswm-git
#Depends On     : libxmu
#Download Size  :  55.70 KiB
#Installed Size : 188.00 KiB

#lxde
gpicview
#Depends On     : gtk2  desktop-file-utils  xdg-utils
#Download Size  :  95.75 KiB
#Installed Size : 350.00 KiB
lxappearance
#Depends On     : gtk2  dbus-glib
#Download Size  :  70.22 KiB
#Installed Size : 391.00 KiB
lxappearance-obconf
#Depends On     : lxappearance  openbox  libsm
#Download Size  :  50.95 KiB
#Installed Size : 245.00 KiB
lxde-common
#Depends On     : gtk-engines  lxde-icon-theme  lxsession
#Download Size  : 789.98 KiB
#Installed Size : 900.00 KiB
lxde-icon-theme
#Depends On     : gtk-update-icon-cache
#Download Size  : 4353.27 KiB
#Installed Size : 8488.00 KiB
lxdm
#Depends On     : gtk2  xorg-server
#Download Size  :  94.00 KiB
#Installed Size : 321.00 KiB

lxinput
#Depends On     : gtk2>=2.12.0
#Download Size  :  48.09 KiB
#Installed Size : 864.00 KiB
lxkb_config-git
#Depends On     : gtk2
#Download Size  :  12.77 KiB
#Installed Size :  55.00 KiB
lxlauncher
#Depends On     : gtk2  startup-notification  lxmenu-data  menu-cache
#Download Size  :  39.18 KiB
#Installed Size : 136.00 KiB
lxmenu-data
#Depends On     : None
#Download Size  :  39.80 KiB
#Installed Size : 216.00 KiB
lxmusic
#Depends On     : gtk2  libnotify  xmms2
#Download Size  :  88.93 KiB
#Installed Size : 394.00 KiB
lxnm
#Depends On     : glib2
#Download Size  :   6.78 KiB
#Installed Size :  17.00 KiB
lxpanel
#Depends On     : gtk2  alsa-lib  menu-cache  lxmenu-data  libwnck
#Download Size  : 1090.09 KiB
#Installed Size : 2716.00 KiB
#lxpolkit-git	# now part of lxsession
#Depends On     : gtk2>=2.12.0  polkit
#Download Size  :  22.04 KiB
#Installed Size : 639.00 KiB
lxrandr
#Depends On     : gtk2  xorg-xrandr
#Download Size  :  35.29 KiB
#Installed Size : 764.00 KiB
lxsession
#Depends On     : gtk2  dbus
#Download Size  :  52.37 KiB
#Installed Size : 147.00 KiB
lxtask
#Depends On     : gtk2
#Download Size  :  42.58 KiB
#Installed Size : 181.00 KiB
lxterminal
#Depends On     : fontconfig  libx11  glib2  vte  gtk2
#Download Size  :  69.52 KiB
#Installed Size : 980.00 KiB
pcmanfm
#Depends On     : gtk2  desktop-file-utils  libfm  lxmenu-data
#Download Size  : 235.72 KiB
#Installed Size : 1174.00 KiB

mantis-wm-git
#Depends On     : libx11
#Download Size  :  19.39 KiB
#Installed Size :  72.00 KiB

matwm2-git
#Depends On     : libxinerama  libxft
#Download Size  :  36.64 KiB
#Installed Size : 125.00 KiB

metacity2
#Depends On     : dconf  libcanberra  libgtop  libsm  gsettings-desktop-schemas  gtk2  startup-notification  zenity
#Download Size  : 888.60 KiB
#Installed Size : 6868.00 KiB

#mwm
openmotif
#Depends On     : freetype2  libxt  libxp
#Download Size  : 1035.54 KiB
#Installed Size : 4021.00 KiB
#openmotif
#Depends On     : libxext  libxp  libxft  libxt  libxmu  libpng  libjpeg
#Download Size  : 3045.39 KiB
#Installed Size : 9901.00 KiB

openbox
#Depends On     : startup-notification  libxml2  libxinerama  libxrandr  libxcursor  pango  imlib2  librsvg
#Download Size  : 311.23 KiB
#Installed Size : 1184.00 KiB
openbox-themes
#Depends On     : openbox
#Download Size  : 208.00 KiB
#Installed Size : 8276.00 KiB
obconf
#Depends On     : openbox  gtk2  libglade  desktop-file-utils  libsm
#Download Size  : 116.66 KiB
#Installed Size : 777.00 KiB
obmenu-generator
#Depends On     : openbox  perl>=5.14.0  perl-data-dump  perl-linux-desktopfiles>=0.08
#Download Size  :  18.00 KiB
#Installed Size :  93.00 KiB

pawm
#Depends On     : libxft  libxpm  libxrandr
#Download Size  :  71.90 KiB
#Installed Size : 275.00 KiB

pekwm-git
#Depends On     : libjpeg  libpng  libxft  libxinerama  libxpm  libxrandr  gcc-libs
#Download Size  : 240.56 KiB
#Installed Size : 839.00 KiB
pekwm-themes
#Depends On     : pekwm
#Download Size  : 479.43 KiB
#Installed Size : 2456.00 KiB

selectwm

spectrwm
#Depends On     : dmenu  xcb-util  xcb-util-wm  xcb-util-keysyms  libxft  profont
#Download Size  :  90.55 KiB
#Installed Size : 223.00 KiB
wmname
#Depends On     : libx11
#Download Size  :   3.40 KiB
#Installed Size :  12.00 KiB

xorg-twm
#Depends On     : libxmu
#Download Size  :  81.79 KiB
#Installed Size : 184.00 KiB

uwm-git
#Depends On     : xcb-util-renderutil  xcb-util-image  xcb-util-keysyms  bash  libpng  libjpeg  xcb-util-wm
#Download Size  :  80.34 KiB
#Installed Size : 238.00 KiB

velox
#Depends On     : libpulse  libxkbcommon  libyaml  libmpdclient
#Download Size  :  32.50 KiB
#Installed Size : 181.00 KiB

vtwm-git
#Depends On     : libxpm  libxmu  libxft  libxinerama  libxrandr  esound  rplay
#Download Size  : 162.54 KiB
#Installed Size : 410.00 KiB

waimea-git
#Depends On     : perl  libxrandr  imlib2  libxinerama  libxft
#Download Size  : 154.46 KiB
#Installed Size : 466.00 KiB

windowlab

windwm-git
#Depends On     : libxft
#Download Size  :  25.84 KiB
#Installed Size : 102.00 KiB

windowmaker-crm-git
#Depends On     : libxinerama  libxrandr  libbsd  libxpm  libxft  libtiff>=3.9.1  giflib  libxmu  imagemagick  libwebp
#Download Size  : 1607.70 KiB
#Installed Size : 5853.00 KiB
windowmaker-extra
#Depends On     : windowmaker
#Download Size  : 172.21 KiB
#Installed Size : 580.00 KiB
wmmail
#Depends On     : windowmaker
#Download Size  :  77.67 KiB
#Installed Size : 325.00 KiB
wmweather+
#Depends On     : pcre  libxpm  curl  windowmaker
#Download Size  :  49.49 KiB
#Installed Size : 153.00 KiB
launch
#Depends On     : windowmaker
#Download Size  :  22.86 KiB
#Installed Size : 153.00 KiB

wm2-svn
#Depends On     : libxmu
#Download Size  :  28.38 KiB
#Installed Size : 105.00 KiB
wmx-svn
#Depends On     : libxft  libxpm  libxcomposite
#Download Size  :  61.39 KiB
#Installed Size : 196.00 KiB

wmii
#Depends On     : libxft  libxrandr  libxinerama  dash
#Download Size  : 292.50 KiB
#Installed Size : 888.00 KiB

xdwm
#Depends On     : libx11  libxinerama  xorg-xrdb
#Download Size  :  24.84 KiB
#Installed Size : 100.00 KiB

yeahwm
#Depends On     : libx11  libxinerama
#Download Size  :  17.10 KiB
#Installed Size :  70.00 KiB
yeahconsole
#Depends On     : libx11
#Download Size  :   7.12 KiB
#Installed Size :  35.00 KiB
yeahlaunch
#Depends On     : libx11
#Download Size  :   5.12 KiB
#Installed Size :  30.00 KiB

#
# Window Manager utilties
#
9menu
#Depends On     : libxext
#Download Size  :  10.54 KiB
#Installed Size :  53.00 KiB
screenfetch
#Depends On     : bash  xorg-xdpyinfo  xorg-xprop
#Download Size  :  29.88 KiB
#Installed Size : 141.00 KiB
scrot
#Depends On     : giblib
#Download Size  :  14.30 KiB
#Installed Size :  75.00 KiB
feh
#Depends On     : imlib2  curl  libxinerama  libexif
#Download Size  : 174.29 KiB
#Installed Size : 396.00 KiB
anypaper
#Depends On     : gtk2  libpng  feh
#Download Size  :  64.52 KiB
#Installed Size : 220.00 KiB
chbg
#Depends On     : gtk2  imlib2
#Download Size  : 164.89 KiB
#Installed Size : 659.00 KiB
nitrogen
#Depends On     : gtkmm  hicolor-icon-theme  librsvg
#Download Size  : 133.96 KiB
#Installed Size : 366.00 KiB

# Icon Themes
#
gnome2-icon-theme
#Depends On     : hicolor-icon-theme  gtk-update-icon-cache  gnome2-icon-theme-symbolic
#Download Size  :   7.97 MiB
#Installed Size :   8.69 MiB
gnome2-icon-theme-extras
#Depends On     : gnome2-icon-theme
#Download Size  : 591.17 KiB
#Installed Size : 760.00 KiB
gnome2-icon-theme-symbolic
#Depends On     : gnome2-icon-theme
#Download Size  : 591.17 KiB
#Installed Size : 760.00 KiB
hicolor-icon-theme
#Depends On     : None
#Download Size  :   6.82 KiB
#Installed Size :  31.00 KiB
human-icon-theme
#Depends On     : tangerine-icon-theme
#Download Size  : 708.30 KiB
#Installed Size : 4515.00 KiB
lxde-icon-theme
#Depends On     : gtk-update-icon-cache
#Download Size  : 4353.27 KiB
#Installed Size : 8488.00 KiB
mist-icon-theme
#Depends On     : None
#Download Size  : 1031.96 KiB
#Installed Size : 1238.00 KiB
tangerine-icon-theme
#Depends On     : gnome-icon-theme
#Download Size  : 482.89 KiB
#Installed Size : 9692.00 KiB
gtk-engines
#Depends On     : gtk2>=2.22.0
#Download Size  : 217.46 KiB
#Installed Size : 1320.00 KiB
gnome-themes-standard

# XDE Themes
#
# The XDE theme packs do not compress well because the
# images they contain are already heavily compressed, so we
# only include a few on the live system and the rest are
# here as well.
#
xde-theme-airforce
#Depends On     : xde-styles
#Download Size  : 3230.34 KiB
#Installed Size : 3358.00 KiB
xde-theme-archlinux
#Depends On     : xde-styles
#Download Size  : 1675.24 KiB
#Installed Size : 1831.00 KiB
xde-theme-atc
#Depends On     : xde-styles
#Download Size  : 2367.32 KiB
#Installed Size : 2511.00 KiB
xde-theme-aviation
#Depends On     : xde-styles
#Download Size  : 1704.47 KiB
#Installed Size : 1851.00 KiB
xde-theme-blackbirds
#Depends On     : xde-styles
#Download Size  : 5311.70 KiB
#Installed Size : 5496.00 KiB
xde-theme-circuits
#Depends On     : xde-styles
#Download Size  : 1013.64 KiB
#Installed Size : 1228.00 KiB
xde-theme-dishes
#Depends On     : xde-styles
#Download Size  : 2420.88 KiB
#Installed Size : 2550.00 KiB
xde-theme-pedestals
#Depends On     : xde-styles
#Download Size  : 3656.12 KiB
#Installed Size : 3785.00 KiB
xde-theme-penguins
#Depends On     : xde-styles
#Download Size  : 2526.84 KiB
#Installed Size : 2658.00 KiB
xde-theme-radar
#Depends On     : xde-styles
#Download Size  : 2533.24 KiB
#Installed Size : 2688.00 KiB
xde-theme-telcom
#Depends On     : xde-styles
#Download Size  : 3640.51 KiB
#Installed Size : 3787.00 KiB
xde-theme-towers
#Depends On     : xde-styles
#Download Size  : 2350.71 KiB
#Installed Size : 2492.00 KiB


# TTF Fonts
#
# Most of these are too large for the live system.  We use
# Liberation fonts almost exclusively with the exception of
# the basic Adobe font set.
#
bdf-unifont
#Depends On     : fontconfig  xorg-fonts-encodings  xorg-font-utils
#Download Size  : 800.85 KiB
#Installed Size : 9210.00 KiB
font-bh-ttf
#Depends On     : xorg-fonts-encodings  xorg-fonts-alias  xorg-font-utils  fontconfig
#Download Size  : 270.70 KiB
#Installed Size : 964.00 KiB
ttf-bitstream-vera
#Depends On     : fontconfig  xorg-fonts-encodings  xorg-font-utils
#Download Size  : 210.94 KiB
#Installed Size : 596.00 KiB
ttf-cheapskate
#Depends On     : xorg-fonts-encodings  xorg-fonts-alias  xorg-font-utils  fontconfig
#Download Size  : 417.22 KiB
#Installed Size : 1216.00 KiB
ttf-dejavu
#Depends On     : fontconfig  xorg-fonts-encodings  xorg-mkfontscale  xorg-mkfontdir
#Download Size  : 2186.11 KiB
#Installed Size : 9227.00 KiB
ttf-droid
#Depends On     : fontconfig  xorg-fonts-encodings  xorg-font-utils
#Download Size  : 3611.01 KiB
#Installed Size : 15744.00 KiB
ttf-freefont
#Depends On     : fontconfig  xorg-font-utils
#Download Size  : 4029.73 KiB
#Installed Size : 10576.00 KiB
ttf-gentium
#Depends On     : fontconfig  xorg-fonts-encodings  xorg-font-utils
#Download Size  : 213.44 KiB
#Installed Size : 1368.00 KiB
ttf-inconsolata
#Depends On     : fontconfig  xorg-font-utils
#Download Size  :  32.16 KiB
#Installed Size :  63.00 KiB
ttf-liberation
#Depends On     : fontconfig  xorg-fonts-encodings  xorg-font-utils
#Download Size  : 1393.83 KiB
#Installed Size : 4020.00 KiB
ttf-linux-libertine
#Depends On     : fontconfig  xorg-fonts-encodings  xorg-font-utils
#Download Size  : 3625.05 KiB
#Installed Size : 12816.00 KiB
ttf-ubuntu-font-family
#Depends On     : fontconfig  xorg-font-utils
#Download Size  : 1148.51 KiB
#Installed Size : 3383.00 KiB


# WindowMaker Dock Apps
#
asclock-xlib
#Depends On     : libxpm
#Download Size  :  44.93 KiB
#Installed Size : 241.00 KiB
pclock
#Depends On     : libxpm
#Download Size  :  40.81 KiB
#Installed Size : 164.00 KiB
wmauda
wmblueclock
#Depends On     : libxpm  libxft
#Download Size  :   9.38 KiB
#Installed Size :  50.00 KiB
wmbluecpu
#Depends On     : libxpm  libxft
#Download Size  :   9.27 KiB
#Installed Size :  48.00 KiB
wmbluegpu
#Depends On     : libxpm  libxft
#Download Size  :  13.79 KiB
#Installed Size :  61.00 KiB
wmbluemem
#Depends On     : libxpm  libxft
#Download Size  :  10.16 KiB
#Installed Size :  49.00 KiB
wmbutton
wmcdplay
wmforkplop
wmfrog
wmgtemp
wmifinfo
wmifs
wmhdplop
#Depends On     : imlib2
#Download Size  :  45.91 KiB
#Installed Size : 153.00 KiB
wmfsm
wminet
#Depends On     : libxpm
#Download Size  :  10.05 KiB
#Installed Size :  40.00 KiB
wmitime
#Depends On     : libxpm
#Download Size  :  11.14 KiB
#Installed Size :  59.00 KiB
wmmaiload
#Depends On     : gtk2  libxpm
#Download Size  :  31.91 KiB
#Installed Size : 112.00 KiB
wmmand
#Depends On     : libxpm
#Download Size  :  19.48 KiB
#Installed Size :  81.00 KiB
wmmoonclock
#Depends On     : libxpm
#Download Size  : 102.43 KiB
#Installed Size : 765.00 KiB
wmstickynotes
#Depends On     : gtk2
#Download Size  :   7.86 KiB
#Installed Size :  35.00 KiB
wmtop
#Depends On     : libxpm
#Download Size  :  13.70 KiB
#Installed Size :  60.00 KiB
wmwork
#Depends On     : libxpm
#Download Size  :  14.04 KiB
#Installed Size :  73.00 KiB

# following included in live
wmacpi
#Depends On     : libdockapp
#Download Size  :  15.88 KiB
#Installed Size :  79.00 KiB
wmappl
#Depends On     : libxpm  imlib2
#Download Size  :  29.28 KiB
#Installed Size : 168.00 KiB
wmbatteries
#Depends On     : libxpm  libxext
#Download Size  :  15.82 KiB
#Installed Size :  71.00 KiB
wmbattery
#Depends On     : libxpm  hal
#Download Size  :  14.68 KiB
#Installed Size :  74.00 KiB
wmbiff
#Depends On     : libxpm  libgcrypt
#Download Size  :  42.60 KiB
#Installed Size : 183.00 KiB
wmbinclock
#Depends On     : libxpm
#Download Size  :   8.30 KiB
#Installed Size :  36.00 KiB
wmblob
#Depends On     : gtk2
#Download Size  :  14.92 KiB
#Installed Size :  61.00 KiB
wmbubble
#Depends On     : libx11
#Download Size  :  24.46 KiB
#Installed Size :  96.00 KiB
wmcalc
#Depends On     : libxpm
#Download Size  :  15.32 KiB
#Installed Size :  69.00 KiB
wmcalclock
#Depends On     : libxpm
#Download Size  :  33.14 KiB
#Installed Size : 284.00 KiB
wmcalclockkbd
#Depends On     : libxpm
#Download Size  :  34.86 KiB
#Installed Size : 286.00 KiB
wmcliphist
#Depends On     : gtk2
#Download Size  :  37.79 KiB
#Installed Size : 169.00 KiB
wmclock
#Depends On     : xorg-server  libxpm
#Download Size  :  20.46 KiB
#Installed Size : 320.00 KiB
wmclockmon
#Depends On     : gtk2  libxpm
#Download Size  :  48.63 KiB
#Installed Size : 337.00 KiB
wmcore
#Depends On     : libxpm
#Download Size  :  16.33 KiB
#Installed Size :  82.00 KiB
wmcpu
#Depends On     : x-server
#Download Size  :   5.63 KiB
#Installed Size :  26.00 KiB
wmcpuload
#Depends On     : libxpm
#Download Size  :  11.45 KiB
#Installed Size :  52.00 KiB
wmcpumon
#Depends On     : libxext  libxcb  xcb-util  xcb-util-wm  xcb-util-image
#Download Size  :  11.61 KiB
#Installed Size :  62.00 KiB
wmcube
#Depends On     : libxpm
#Download Size  :  13.22 KiB
#Installed Size :  47.00 KiB
wmdiskmon
#Depends On     : libxpm
#Download Size  :  12.05 KiB
#Installed Size :  57.00 KiB
wmfire
#Depends On     : libgtop  gtk2
#Download Size  :  11.91 KiB
#Installed Size :  51.00 KiB
wmix
#Depends On     : libxpm
#Download Size  :  14.74 KiB
#Installed Size :  90.00 KiB
wmmixer
#Depends On     : None
#Download Size  :  14.56 KiB
#Installed Size :  72.00 KiB
wmnd
#Depends On     : libxpm  net-snmp
#Download Size  :  25.72 KiB
#Installed Size : 106.00 KiB
wmnet
#Depends On     : libxext
#Download Size  :  13.34 KiB
#Installed Size :  53.00 KiB
wmpiki
#Depends On     : libxpm
#Download Size  :  17.45 KiB
#Installed Size :  69.00 KiB
wmpower
#Depends On     : libxpm
#Download Size  :  22.23 KiB
#Installed Size : 104.00 KiB
wmsm.app
#Depends On     : libxpm
#Download Size  :  10.02 KiB
#Installed Size :  39.00 KiB
wmsmixer
#Depends On     : libxpm
#Download Size  :  12.08 KiB
#Installed Size :  57.00 KiB
wmsysmon
#Depends On     : libxpm
#Download Size  :   9.85 KiB
#Installed Size :  51.00 KiB
wmsystemtray
#Depends On     : libxmu  libxfixes  libxpm
#Download Size  :  14.30 KiB
#Installed Size :  57.00 KiB
wmsystray
#Depends On     : libxpm
#Download Size  :   8.71 KiB
#Installed Size :  52.00 KiB
wmtime
#Depends On     : libxpm
#Download Size  :  12.22 KiB
#Installed Size :  62.00 KiB
wmtimer
#Depends On     : libxpm  gtk2
#Download Size  :  11.28 KiB
#Installed Size :  44.00 KiB
wmudmount
#Depends On     : dbus-glib  gtk2  hicolor-icon-theme  libgnome-keyring  libnotify
#Download Size  :  56.05 KiB
#Installed Size : 259.00 KiB
wmwave
#Depends On     : libxpm
#Download Size  :   9.33 KiB
#Installed Size :  72.00 KiB
wmweather
#Depends On     : libxpm
#Download Size  :  11.16 KiB
#Installed Size :  52.00 KiB
wmwifi
#Depends On     : libxpm
#Download Size  :  10.29 KiB
#Installed Size :  47.00 KiB

# Games
xbill
#Depends On     : xaw3d>=1.6
#Download Size  :  33.79 KiB
#Installed Size : 358.00 KiB
xboard
#Depends On     : texinfo  xdg-utils  gtk2  cairo  librsvg
#Download Size  : 693.40 KiB
#Installed Size : 2151.00 KiB
xgalaga
#Depends On     : libxmu  libxpm
#Download Size  : 173.48 KiB
#Installed Size : 656.00 KiB
xtetris
#Depends On     : libxaw  xbitmaps
#Download Size  :  17.82 KiB
#Installed Size : 130.00 KiB
xsnow
#Depends On     : libxpm
#Download Size  :  22.01 KiB
#Installed Size : 136.00 KiB
xfishtank
#Depends On     : libx11  libxext  libxcb  libxau  libxdmcp  imlib2  libpng
#Download Size  :  55.79 KiB
#Installed Size : 425.00 KiB
gnome-chess
xplanetfx
fltk-games

# Drawing programs
#
# Note that gimp or inkscape will pull in all of python for
# another 50-100M of installed size.  xpaint might be the
# most efficient on size but its size is deceptive because
# it is the only program that needs libpgf which is 4.5M
# but highly compressible (and one of the few that needs
# openjpeg).  It compressed size with its dependencies is
# only about a meg.
#
wings3d
#Depends On     : erlang-sdl  erlang-cl  bash  desktop-file-utils  erlang
#Download Size  : 8100.70 KiB
#Installed Size : 12375.00 KiB
blender
#Depends On     : libpng  libtiff  openexr  python  desktop-file-utils  shared-mime-info  hicolor-icon-theme  xdg-utils  glew  freetype2  openal  ffmpeg  fftw  boost-libs  opencollada  llvm  openimageio  libsndfile  jack  opencolorio  openshadinglanguage
#Download Size  : 34204.97 KiB
#Installed Size : 128804.00 KiB
gimp
#Depends On     : pygtk  lcms  libxpm  libwmf  libxmu  librsvg  libmng  dbus-glib  libexif  gegl  jasper  desktop-file-utils  hicolor-icon-theme  babl  openexr
#Download Size  : 11869.52 KiB
#Installed Size : 65906.00 KiB
inkscape
python2-lxml
#Depends On     : gc  gsl  gtkmm  gtkspell  imagemagick  libxslt  poppler-glib  popt  python2  desktop-file-utils  hicolor-icon-theme
#Download Size  : 13040.59 KiB
#Installed Size : 79108.00 KiB
xfig
#Depends On     : libpng  libjpeg  libxaw  libxi  desktop-file-utils  gsfonts
#Download Size  : 4862.91 KiB
#Installed Size : 15567.00 KiB
xpaint
#Depends On     : libxaw3dxft  libpgf  libpng  libtiff  libxft  libxpm  openjpeg
#Download Size  : 482.50 KiB
#Installed Size : 1800.00 KiB
#libxaw3dxft
#Depends On     : libxft  libxmu  libxpm
#Download Size  : 281.86 KiB
#Installed Size : 1182.00 KiB
#libpgf
#Depends On     : gcc-libs
#Download Size  : 304.30 KiB
#Installed Size : 4578.00 KiB
#openjpeg
#Depends On     : zlib
#Download Size  : 122.09 KiB
#Installed Size : 378.00 KiB
g3dviewer
#Depends On     : gtkglext  libg3d  libglade
#Download Size  :  35.05 KiB
#Installed Size : 182.00 KiB


# Remote desktop access
#
# Note that tightvnc and tigervnc conflict with each other.
#
remmina-gtk2
#Depends On     : libssh  libgnome-keyring  vte  telepathy-glib  freerdp  hicolor-icon-theme
#Download Size  : 315.88 KiB
#Installed Size : 1461.00 KiB
tigervnc
#Depends On     : fltk  pam  gnutls  libjpeg-turbo  libxtst  libxfont  pixman  xorg-xauth  xorg-xsetroot  xkeyboard-config  xorg-xkbcomp  libgl  libgcrypt  perl
#Download Size  : 1148.20 KiB
#Installed Size : 4304.00 KiB
x11vnc-git
#Depends On     : libvncserver-git  libxtst  libxinerama  libxdamage  libxrandr  avahi  openssl
#Download Size  : 863.69 KiB
#Installed Size : 2482.00 KiB
#tightvnc
#Depends On     : libjpeg  zlib  libxaw  libxp  xorg-xauth  perl
#Download Size  : 727.78 KiB
#Installed Size : 2044.00 KiB
gtk-vnc-gtk2
#Depends On     : libgcrypt  gtk2
#Download Size  : 118.73 KiB
#Installed Size : 961.00 KiB
novnc
#Depends On     : None
#Download Size  : 351.79 KiB
#Installed Size : 755.00 KiB
rdesktop
#Depends On     : libao  libsamplerate  xorg-xrandr  pcsclite  libgssglue
#Download Size  : 127.14 KiB
#Installed Size : 398.00 KiB
x2go-agent
nxagent

# Additional terminals
#
aterm
#Depends On     : librsvg  libjpeg-turbo  libxinerama
#Download Size  : 365.91 KiB
#Installed Size : 965.00 KiB
rxvt-unicode
#Depends On     : rxvt-unicode-terminfo  libxft  perl  startup-notification
#Download Size  : 638.72 KiB
#Installed Size : 2920.00 KiB
st-white
#Depends On     : libxext  libxft
#Download Size  :  26.41 KiB
#Installed Size : 118.00 KiB


# CD burning utilities
#
bashburn
#Depends On     : bash  cdrdao  cdrkit  eject
#Download Size  :  48.80 KiB
#Installed Size : 508.00 KiB
dvd+rw-tools
#Depends On     : cdrkit  gcc-libs
#Download Size  :  77.77 KiB
#Installed Size : 316.00 KiB
#cdrkit
#Depends On     : file  bzip2
#Download Size  : 596.12 KiB
#Installed Size : 2622.00 KiB

# Gadgets
#
cairo-clock
#Depends On     : cairo  libglade>=2.6.0  librsvg>=2.14.0
#Download Size  : 191.11 KiB
#Installed Size : 3104.00 KiB
fortune-mod

# Calculators
#
calcoo
#Depends On     : cairo  gtk2
#Download Size  :  29.54 KiB
#Installed Size : 132.00 KiB
xorg-xcalc
#Depends On     : libxaw
#Download Size  :  19.41 KiB
#Installed Size :  72.00 KiB
zalc


# Composite managers
#
cairo-compmgr
#Depends On     : gtk2>=2.16.0  vala>=0.24  libsm  libgl  gconf
#Download Size  : 536.43 KiB
#Installed Size : 2195.00 KiB
compton-git
#Depends On     : libgl  libdbus  libxcomposite  libxdamage  libxrandr  pcre  libconfig  libxinerama
#Download Size  :  81.86 KiB
#Installed Size : 247.00 KiB
xcompmgr


# Printing
#
cups
#Depends On     : acl  pam  libcups>=1.7.2  cups-filters  bc  colord  libusb  dbus  systemd  libpaper  hicolor-icon-theme
#Download Size  : 6916.83 KiB
#Installed Size : 12021.00 KiB
cups-pdf
#Depends On     : cups  ghostscript
#Download Size  :  15.86 KiB
#Installed Size :  91.00 KiB
gutenprint
#Depends On     : glibc
#Download Size  : 11436.24 KiB
#Installed Size : 169088.00 KiB
foomatic-db
sane

# Browsers
#
dillo
#Depends On     : fltk  libjpeg  perl  openssl  libpng  gcc-libs  libxcursor  libxi  libxinerama
#Download Size  : 317.37 KiB
#Installed Size : 1161.00 KiB
midori-gtk2
#Depends On     : libzeitgeist  webkitgtk2  libnotify  libxss  hicolor-icon-theme  desktop-file-utils  libunique
#Download Size  : 983.82 KiB
#Installed Size : 5183.00 KiB
vimb-gtk2
#Depends On     : webkitgtk2
#Download Size  :  58.84 KiB
#Installed Size : 175.00 KiB
surfraw

aria2
#Depends On     : gnutls  libxml2  sqlite  c-ares  ca-certificates
#Download Size  : 1078.97 KiB
#Installed Size : 4434.00 KiB
flashplugin
#Depends On     : mozilla-common  libxt  libxpm  gtk2  nss  curl  hicolor-icon-theme
#Download Size  : 8353.14 KiB
#Installed Size : 21310.00 KiB


# Image and Photo viewers and handlers
#
flphoto
gphoto2
gthumb
flaxpdf-git

# Editors
#
fltk-editor

# File Managers
#
fluff
rox
spacefm-gtk2
thunar
thunar-volman
thunar-media-tags-plugin
thunar-archive-plugin
udevil
curlftpfs
gentoo

gvfs-afc
#gvfs-afp now part of gvfs
gvfs-gphoto2
gvfs-smb


# Command Launchers
#
gmrun-xdg


# Graphics Software
#
gnuplot

#
# Extra sound
#
gst123
gst-libav
gst-plugins-ugly
gstreamer0.10-ffmpeg
gstreamer0.10-good
libcanberra
libcanberra-gstreamer

# Music players
#
gogglesmm
#Depends On     : fox-devel>=1.7.48  libmad  faad2  sqlite3  libpulse  opus  dbus  taglib>=1.9.0  glew  hicolor-icon-theme  desktop-file-utils
#Download Size  : 597.09 KiB
#Installed Size : 2007.00 KiB
pragha
#Depends On     : libnotify  libcdio-paranoia  gst-plugins-base  taglib  hicolor-icon-theme  gtk3  dbus-glib  sqlite  desktop-file-utils  libclastfm  libpeas
#Download Size  : 252.32 KiB
#Installed Size : 898.00 KiB
guayadeque
#Depends On     : curl  desktop-file-utils  libgpod  taglib  wxgtk2.8
#Download Size  : 1577.65 KiB
#Installed Size : 6196.00 KiB
moc
#Depends On     : libmad  libid3tag  jack  curl  libltdl  file
#Download Size  : 176.12 KiB
#Installed Size : 563.00 KiB
moc-tray
#Depends On     : gtk2-perl  moc
#Download Size  :   9.22 KiB
#Installed Size :  28.00 KiB
audacious2
#Depends On     : gtk2  libmcs  dbus-glib  libguess  libsm  desktop-file-utils  hicolor-icon-theme
#Download Size  : 377.75 KiB
#Installed Size : 1797.00 KiB
audacious2-plugins
#Depends On     : audacious2>=3.2.4
#Download Size  : 1179.48 KiB
#Installed Size : 5232.00 KiB
libmtp
#Depends On     : libusb  libgcrypt
#Download Size  : 149.79 KiB
#Installed Size : 710.00 KiB

# Office Suites
#
#libreoffice
libreoffice-still
#libreoffice-still-postgresql-connector
#Depends On     : libreoffice-base  postgresql-libs
#Download Size  : 247.64 KiB
#Installed Size : 1036.00 KiB

# Video players
totem
grilo-plugins
mpv

# Document processing
dblatex
docbook2x
dos2unix
help2man
texlive-bibtexextra
texlive-core
texlive-formatsextra
texlive-genericextra
texlive-latexextra
texlive-pictures
texlive-plainextra
texlive-pstricks
texlive-publishers
xmlto
svg2pdf-git
pdf2svg


# Miscellaneous
#
bitlbee
libotr
xbindkeys
xstdcmap
