#
# Software development packages (over and above base-devel)
#
gnulib-git
#
asciidoc
astyle
bin86
bzrtools
clang
cmake
cscope
ctags
cvs
cvs2svn
cvsps2
#docbook-to-man	# conflicts with jade
doxygen
fastjar
freeglut
ftjam
gdb
gendesk
git-bzr-kfish-git
git-bzr-ng
gjdoc
glib2-docs
gob2
gperf
graphviz
gtk-doc
gtk2-doc
imake
indent
intltool
itstool
latex2html
linuxdoc-tools
#linux-unx-headers
linux-lts-headers
libsmi
mercurial
mkpxelinux
namcap
pacgraph
pkgbuild-introspection
#pkgman
po4a
psutils
refind-efi
reform
sharutils
sloccount
sqlite-doc
#strace	    # conflicts with openss7
subversion
swig
transfig
valgrind
vim-fugitive
xdelta
xmltoman
xscope

#
# A lot of perl stuff
#
perl-anyevent
perl-anyevent-i3
perl-any-moose
perl-apireference
perl-class-member
perl-convert-color
perl-cpan-meta
perl-c-scan
perl-curses-ui-poe
perl-data-flow
perl-data-sexpression
perl-dbd-sqlite
perl-devel-caller
perl-devel-lexalias
perl-event-execflow
perl-extutils-cchecker
perl-file-slurp
perl-goo-canvas
perl-gtk2-ex-listmodelconcat
perl-gtk2-ex-splash
perl-gtk2-sexy
perl-gtk3
perl-hardware-sensorparser
perl-image-base-x11-protocol
perl-io-socket-inet6
perl-json-xs
perl-linux-lvm2
perl-linux-smaps
perl-module-build
perl-module-build-tiny
perl-module-build-xsutil
perl-module-scandeps
perl-net-ssleay
perl-par-dist
perl-path-class
perl-snmp-info
perl-spread-client-constant
perl-spread-message
perl-spread-messaging
perl-spread-queue
perl-spread-session
perl-switch
perl-sys-gamin
perl-test-deep
perl-test-exception
perl-test-leaktrace
perl-test-output
perl-test-requires
perl-test-warn
perl-test-without-module
perl-tk-gbarr
perl-tk-tablematrix
perl-xml-descent
perl-xml-tokeparser
perl-xs-object-magic
perl-yaml-tiny
