acpica
archiso
asp
autoconf-archive
aws-cli
bird
chrpath
cloc
drminfo
fox-devel
gcc5
gksu
gnome-common
gnome-doc-utils
gnome-menus2
granite
hwinfo
imap
jdk-openjdk
intel-media-sdk
libva-intel-driver
libva-vdpau-driver
libx86emu
linux-headers
linux-lts-headers
linux-lts316
linux-lts316-headers
linux-lts44
linux-lts44-headers
linux-lts49
linux-lts49-headers
linux-lts414
linux-lts414-headers
linux-lts419
linux-lts419-headers
lzip
mariadb
mariadb-clients
mathjax
mathjax2
meson
mksh
nasm
ncompress
ntop
openafs
openafs-modules
optipng
pacana
pax-utils
phonon-qt4-gstreamer
phonon-qt4-vlc
pkgbuild-introspection
podofo
spampd
unarchiver
unison
wmidump-git
enchant1.6
fontforge
icedtea-web
icon-naming-utils
jdk
jdk8-openjdk
jshon
patchelf
rpm-tools
rpmdevtools
rpmlint
createrepo
setconf
splint
asciidoctor
libsvgtiny
classpath
smem
python-matplotlib	# optional for smem
#eclipse-jee
eric
bzrtools
maven
perl-cam-dbf
perl-file-find-rule-perl
perl-text-markdown
perl-xls2csv
ruby-docs
scons
ocaml-findlib
code
httpie
curlie
code-oss
openapi-generator
yaml2json
