# Audio packages
#pro-audio
#lv2-plugins

flite
flite-voices

espeak
espeak-ng
gst-plugins-espeak

festival
festival-english
festival-us

freeverb3

lv2file
artyfx
bchoppr
dragonfly-reverb

##
## pro-audio group
##
#fluidsynth

#a2jmidid
#adljack
#adlplug
#aeolus
#agordejo
#aj-snapshot
#aliki
#amb-plugins
#ambdec
#ambix
#ams
#ams-lv2
#amsynth
#ardour
#artyfx
#aubio
#audacity
#avldrums.lv2
#bchoppr
#beatslash-lv2
#blop
#blop.lv2
#bsequencer
#bshapr
#bslizr
#cadence
#calf
#caps
#carla
#chuck
#cmt
#csound
#csoundqt
#deteriorate-lv2
#dgedit
#din
#distrho-ports
#dpf-plugins
#dragonfly-reverb
#drumgizmo
#drumkv1
#ebumeter
#ecasound
#element
#eq10q
#eteroj.lv2
#fabla
#faust
#fil-plugins
#fluajho
#fomp.lv2
#foxdot
#freewheeling
#g2reverb
#geonkick
#giada
#gigedit
#gmsynth.lv2
#guitarix
#haskell-tidal
#helm-synth
#hexter
#hydrogen
#iempluginsuite
#infamousplugins
#ir.lv2
#jaaa
#jack-stdio
#jack_capture
#jack_delay
#jack_mixer
#jack_utils
#jackmeter
#jackminimix
#jacktrip
#jalv
#japa
#jconvolver
#jnoisemeter
#jsampler
#lilypond
#linuxsampler
#liquidsfz
#lmms
#lsp-plugins
#luppp
#lv2file
#marsyas
#mcp-plugins
#mda.lv2
#mellite
#mephisto.lv2
#meterbridge
#midi_matrix.lv2
#midimsg-lv2
#mixxx
#moony.lv2
#muse
#musescore
#ninjas2
#njconnect
#noise-repellent
#non-mixer
#non-sequencer
#non-timeline
#opnplug
#osc2midi
#osmid
#padthv1
#patchmatrix
#patroneo
#pd
#pd-lua
#polyphone
#pvoc
#qastools
#qjackctl
#qmidiarp
#qmidictl
#qmidinet
#qmidiroute
#qsampler
#qsynth
#qtractor
#qxgedit
#realtime-privileges
#rev-plugins
#rosegarden
#samplv1
#sc3-plugins
#setbfree
#sfizz
#sherlock.lv2
#snd
#solfege
#sonic-pi
#sonic-visualiser
#sorcer
#sound-gambit
#spectmorph
#ssr
#stochas
#supercollider
#surge
#sweep
#swh-plugins
#synthv1
#tap-plugins
#timidity++
#vamp-aubio-plugins
#vamp-plugin-sdk
#vco-plugins
#vico
#vm.lv2
#vmpk
#wah-plugins
#wolf-shaper
#wolf-spectrum
#x42-plugins
#xmonk.lv2
#yass
#yoshimi
#zam-plugins
#zita-ajbridge
#zita-at1
#zita-bls1
#zita-dc1
#zita-dpl1
#zita-lrx
#zita-mu1
#zita-njbridge
#zita-rev1
#zynaddsubfx

##
## lv2-plugins group
##
#adlplug
#ambix
#ams-lv2
#amsynth
#artyfx
#avldrums.lv2
#bchoppr
#beatslash-lv2
#blop.lv2
#bsequencer
#bshapr
#bslizr
#calf
#deteriorate-lv2
#distrho-ports
#dpf-plugins
#dragonfly-reverb
#drumgizmo
#drumkv1
#eq10q
#eteroj.lv2
#fabla
#fomp.lv2
#gmsynth.lv2
#guitarix
#gxplugins.lv2
#helm-synth
#infamousplugins
#ir.lv2
#liquidsfz
#lsp-plugins
#lv2file
#mda.lv2
#mephisto.lv2
#midi_matrix.lv2
#midimsg-lv2
#moony.lv2
#ninjas2
#noise-repellent
#opnplug
#padthv1
#patchmatrix
#qmidiarp
#samplv1
#setbfree
#sfizz
#sherlock.lv2
#sorcer
#spectmorph
#surge
#synthv1
#vm.lv2
#wolf-shaper
#wolf-spectrum
#x42-plugins
#xmonk.lv2
#zam-plugins
#zynaddsubfx
