perl-any-moose
perl-anyevent
perl-apireference
perl-c-scan
perl-class-member
perl-convert-color
perl-cpan-meta
perl-curses-ui-poe
perl-data-flow
perl-data-sexpression
perl-dbd-sqlite
perl-devel-caller
perl-devel-findref
perl-event-execflow
perl-extutils-cchecker
perl-file-slurp
perl-goo-canvas
perl-gtk2-ex-listmodelconcat
perl-gtk2-ex-splash
perl-gtk2-sexy
perl-gtk3
perl-hardware-sensorparser
perl-image-base-x11-protocol
perl-io-socket-inet6
perl-json-xs
perl-linux-lvm2
perl-linux-smaps
perl-module-build
perl-module-build-tiny
perl-module-build-xsutil
perl-module-scandeps
perl-net-ssleay
perl-par-dist
perl-path-class
perl-snmp-info
perl-spread-client-constant
perl-spread-message
perl-spread-messaging
perl-spread-queue
perl-spread-session
perl-switch
perl-sys-camin
perl-test-deep
perl-test-exception
perl-test-leaktrace
perl-test-output
perl-test-requires
perl-test-warn
perl-test-without-module
perl-tk-gbarr
perl-tk-tablematrix
perl-tk-xml-descent
perl-tk-xml-tokeparser
perl-xs-object-magic
perl-yaml-tiny
